===============================
People are ordered by firstname
===============================
Aaron Smith
Barry Todd
Callum MacDonald
Tom Tunstal
