========================
Successfully Registered:
========================
BeyondUnitsDemo.Controllers.Admin.PersonController
BeyondUnitsDemo.Controllers.Admin.ProductController
BeyondUnitsDemo.Controllers.ImageController
BeyondUnitsDemo.Controllers.PersonController
BeyondUnitsDemo.Controllers.ProjectController

