=============================
Authorized admin controllers:
=============================
BeyondUnitsDemo.Controllers.Admin.PersonController
BeyondUnitsDemo.Controllers.Admin.ProductController

