=======================
Admin Controller Types:
=======================
BeyondUnitsDemo.Controllers.Admin.PersonController
BeyondUnitsDemo.Controllers.Admin.ProductController

